// Vitest Snapshot v1, https://vitest.dev/guide/snapshot.html

exports[`generate-python-dict > adds descriptions as comments 1`] = `
"class User(TypedDict, total=False):
    """
    User object

Attributes:
    id: identifier
    """
    id: Required[str]"
`;

exports[`generate-python-dict > generates a simple object schema 1`] = `
"from typing import TypedDict, Required
class User(TypedDict, total=False):
    id: Required[str]"
`;

exports[`generate-python-dict > generates enums and nested arrays 1`] = `
"from typing import TypedDict, List
Wrapper = List[Status]"
`;

exports[`generate-python-dict > handles allOf with refs and properties 1`] = `
"from typing import TypedDict, Required
class Derived(Base, TypedDict, total=False):
    extra: Required[str]"
`;

exports[`generate-python-dict > handles inline object properties 1`] = `
"from typing import TypedDict, Required
class Place(TypedDict, total=False):
    name: Required[str]
    location: Required[TypedDict('PlaceLocation', { 'lat': Required[float], 'lon': float }, total=False)]"
`;
